Upgrading build.gradle
Running Gradle task 'assembleRelease'...                        
flutter : Warning: Flutter support for your project's Kotlin 
version (1.9.24) will soon be dropped. Please upgrade your 
Kotlin version to a version of at least 2.1.0 soon.
At line:1 char:1
+ flutter build apk --release --split-per-abi 2>&1 | 
Tee-Object -FilePa ...
+ ~~~~~~~~~~~~~~~~~~~~~~~~~~~~~~~~~~~~~~~~~~~~~~~~
    + CategoryInfo          : NotSpecified: (Warning: Flutte.. 
   .ast 2.1.0 soon.:String) [], RemoteException
    + FullyQualifiedErrorId : NativeCommandError
 
Alternatively, use the flag 
"--android-skip-build-dependency-validation" to bypass this 
check.

Potential fix: Your project's KGP version is typically defined 
in the plugins block of the `settings.gradle` file 
(C:\dev\auth-app\flutter\android/settings.gradle), by a plugin 
with the id of org.jetbrains.kotlin.android. 
If you don't see a plugins block, your project was likely 
created with an older template version, in which case it is 
most likely defined in the top-level build.gradle file 
(C:\dev\auth-app\flutter\android/build.gradle) by the 
ext.kotlin_version property.

Checking the license for package NDK (Side by side) 27.2.12479018 in C:\Users\hpnos\AppData\Local\Android\Sdk\licenses
License for package NDK (Side by side) 27.2.12479018 accepted.
Preparing "Install NDK (Side by side) 27.2.12479018 v.27.2.12479018".
"Install NDK (Side by side) 27.2.12479018 v.27.2.12479018" ready.
Installing NDK (Side by side) 27.2.12479018 in C:\Users\hpnos\AppData\Local\Android\Sdk\ndk\27.2.12479018
"Install NDK (Side by side) 27.2.12479018 v.27.2.12479018" complete.
"Install NDK (Side by side) 27.2.12479018 v.27.2.12479018" finished.

FAILURE: Build failed with an exception.

* What went wrong:
A problem occurred configuring project ':connectivity_plus'.
> Library projects cannot set applicationIdSuffix. 
applicationIdSuffix is set to '.profile' in build type 
'profile'.

* Try:
> Run with --stacktrace option to get the stack trace.
> Run with --info or --debug option to get more log output.
> Run with --scan to get full insights.
> Get more help at https://help.gradle.org.

BUILD FAILED in 11m 47s
Running Gradle task 'assembleRelease'...                          709.7s
Gradle task assembleRelease failed with exit code 1
